// Jest Snapshot v1, https://goo.gl/fbAQLP

exports[`Todo renders correctly 1`] = `
<div
  className="mt-5"
>
  <h5>
    To Do
  </h5>
  <ul
    className="list-group list-group-flush"
  >
    Add Item
  </ul>
</div>
`;
